// Vitest Snapshot v1, https://vitest.dev/guide/snapshot.html

exports[`ServiceOutput shape (v2) > returns a versioned, canonical structure 1`] = `
{
  "meta": {
    "inputs": {
      "tz": "Europe/Warsaw",
      "units": "kg|min",
    },
    "version": "v2",
  },
  "metricKeys": [],
  "perWorkout": [],
  "prs": [],
  "series": {
    "avg_rest_ms": [],
    "cvr": [],
    "density_kg_min": [],
    "duration": [],
    "reps": [],
    "set_efficiency_pct": [],
    "sets": [],
    "tonnage_kg": [],
    "workouts": [],
  },
  "totals": {
    "durationMin": 0,
    "totalReps": 0,
    "totalSets": 0,
    "totalVolumeKg": 0,
    "workouts": 0,
  },
}
`;
