// Vitest Snapshot v1, https://vitest.dev/guide/snapshot.html

exports[`ServiceOutput shape (v2) > returns a versioned, canonical structure 1`] = `
{
  "meta": {
    "inputs": {
      "tz": "Europe/Warsaw",
      "units": "kg|min",
    },
    "version": "v2",
  },
  "metricKeys": [],
  "perWorkout": [],
  "prs": [],
  "series": {
    "avgRestSec": [],
    "cvr": [],
    "density_kg_per_min": [],
    "duration_min": [],
    "reps_total": [],
    "setEfficiencyKgPerMin": [],
    "sets_count": [],
    "tonnage_kg": [],
    "workouts": [],
  },
  "totals": {
    "duration_min": 0,
    "reps_total": 0,
    "sets_count": 0,
    "tonnage_kg": 0,
    "workouts": 0,
  },
}
`;
