// Vitest Snapshot v1, https://vitest.dev/guide/snapshot.html

exports[`AnalyticsPage KPI cards > renders KPI cards when enabled 1`] = `
<div>
  <div>
    <div
      class="flex gap-4 mb-4"
    >
      <div
        data-testid="kpi-density"
      >
        <div>
          Density
        </div>
        <div>
          20.00 kg/min
        </div>
        <div>
          +10.00 kg/min
        </div>
      </div>
      <div
        data-testid="kpi-rest"
      >
        <div>
          Avg Rest
        </div>
        <div>
          0m 30s
        </div>
        <div>
          -0m 30s
        </div>
      </div>
      <div
        data-testid="kpi-efficiency"
      >
        <div>
          Set Efficiency
        </div>
        <div>
          0.80×
        </div>
        <div>
          -0.20×
        </div>
      </div>
    </div>
    <select
      data-testid="metric-select"
    >
      <option
        value="volume"
      >
        Total Volume
      </option>
      <option
        value="sets"
      >
        Total Sets
      </option>
      <option
        value="workouts"
      >
        Workouts
      </option>
      <option
        value="duration"
      >
        Total Duration
      </option>
      <option
        value="reps"
      >
        Total Reps
      </option>
      <option
        value="density"
      >
        Workout Density (kg/min)
      </option>
      <option
        value="avgRest"
      >
        Avg Rest / Session (sec)
      </option>
      <option
        value="setEfficiency"
      >
        Set Efficiency (×)
      </option>
    </select>
    <pre
      data-testid="series"
    >
      []
    </pre>
  </div>
</div>
`;
